C51 COMPILER V9.59.0.0   HC595                                                             04/18/2026 23:02:51 PAGE 1   


C51 COMPILER V9.59.0.0, COMPILATION OF MODULE HC595
OBJECT MODULE PLACED IN .\Objects\hc595.obj
COMPILER INVOKED BY: C:\Users\Luna\AppData\Local\Keil_v5\C51\BIN\C51.EXE hc595.c OPTIMIZE(8,SPEED) BROWSE DEBUG OBJECTEX
                    -TEND PRINT(.\Listings\hc595.lst) OBJECT(.\Objects\hc595.obj)

line level    source

   1          #include "hc595.h"
   2          
   3          // 共阴数码管段码表
   4          unsigned char code DispCode[] = {0x3F, 0x06, 0x5B, 0x4F, 0x66, 0x6D, 0x7D, 0x07, 0x7F, 0x6F,
   5                                           //      0    1    2    3    4    5   6    7    8    9
   6                                           0x77, 0x7C, 0x39, 0x5E, 0x79, 0x71, 0x3D, 0x76, 0x74, 0x30,
   7                                           //      A         b    C          d      E        F   G          H        h      I
   8                                           0x10, 0x1E, 0x38, 0x54, 0x5C, 0x73, 0x67, 0x50, 0x31, 0x78,
   9                                           //      i    J    L       n    o          P   q          r    R          t
  10                                           0x3E, 0x1C, 0x40, 0x48, 0x08, 0x00};
  11          //      U          V   一    二   _    灭
  12          // 显示缓冲区
  13          
  14          
  15          /***********************************************
  16          函数名称：HC595_Delayms
  17          功    能：STC 1T单片机1ms延时程序
  18          入口参数：ms:延时的毫秒数
  19          返 回 值：无
  20          备    注：示波器实测1.05ms 时钟11.0592MHz
  21          ************************************************/
  22          void HC595_Delayms(unsigned int ms)
  23          {
  24   1          unsigned int i;
  25   1          while ((ms--) != 0) {
  26   2              for (i = 0; i < 600; i++);
  27   2          }
  28   1      }
  29          #define FOSC 11059200L
  30          
  31          void Timer2_Init(void)
  32          {
  33   1          // 12T模式，定时器模式
  34   1          AUXR &= 0xFB; // 12T
  35   1          AUXR &= 0xF7; // 定时模式
  36   1      
  37   1          // 10ms初值计算：65536 - 11059200/12 * 0.01 = 65536 - 9216 = 56320
  38   1          T2H = 0xDC; // 高8位
  39   1          T2L = 0x00; // 低8位
  40   1      
  41   1          IE2 |= 0x04;  // 使能T2中断
  42   1          AUXR |= 0x10; // 启动T2
  43   1          EA = 1;       // 开总中断
  44   1      }
  45          
  46          // 中断函数
  47          
  48          /***********************************************
  49          函数名称：HC595_SendWord
  50          功    能：HC595发送两个字节数据。
  51          入口参数：dat:显示的字型码
  52                              dig:点亮的数码管位 dig中为0的位，则对应的数码管点亮
  53                    例如:dig=0x1111 1110,将dig送入U3芯片HC595后，最低位的0数据
  54                    将出现在原理图的Q0管脚，则该脚对应的数码管点亮，其他数码管熄灭。
C51 COMPILER V9.59.0.0   HC595                                                             04/18/2026 23:02:51 PAGE 2   

  55          返 回 值：无
  56          备    注：两片HC595，发送两个字节数据，高字节
  57                    为数码管段码，低字节为选择点亮哪个数码管。
  58                              该程序点亮数码管可以结合原理图来看，
  59                              否则不好理解，和电路原理关系密切。
  60          ************************************************/
  61          void HC595_SendWord(unsigned char dat, unsigned char dig)
  62          {
  63   1          unsigned char i;       // 定义计数器
  64   1          unsigned int temp = 0; // 定义数据变量
  65   1          // 将两个8位变量合并成一个16字节变量
  66   1          temp = dat;
  67   1          temp = temp << 8 | dig;
  68   1          // 送出数据
  69   1          for (i = 0; i < 16; i++) {
  70   2              HC595_SCK_Clr(); // 置低时钟线
  71   2      
  72   2              if ((temp & 0x8000) == 0x8000) // 先发送高字节
  73   2              {
  74   3                  HC595_DAT_Set(); // 置高信号线
  75   3              } else {
  76   3                  HC595_DAT_Clr(); // 置低信号线
  77   3              }
  78   2              HC595_SCK_Set(); // 置高时钟线
  79   2      
  80   2              temp <<= 1; // 数据左移
  81   2          }
  82   1          // 锁存信号上升沿锁存数据 数据输出到端口
  83   1          HC595_RCK_Clr();
  84   1          HC595_RCK_Set();
  85   1      }
  86          /***********************************************
  87          函数名称：LED_Display
  88          功    能：数码管显示函数
  89          入口参数：无
  90          返 回 值：无
  91          备    注：无
  92          ************************************************/
  93          void LED_Display(void)
  94          {
  95   1          // 使用静态变量，要不每次调用该函数的时候LED_Cnt都为0，无法累计计数。
  96   1          static unsigned char LED_Cnt = 0;
  97   1          // 将待显示的字型码和点亮的数码管位送至HC595。
  98   1          // 由于是共阴数码管，将八段数码管共阴极拉低，显示数据。
  99   1          // DispBuf[LED_Cnt]:为显示的内容
 100   1          // DispCode[DispBuf[LED_Cnt]:为将显示的内容转换成对应的字形码
 101   1          // 数码管按字形码显示出来就是我们看到的显示内容
 102   1      
 103   1          //~(0x01<<LED_Cnt),当LED_Cnt=0时等价于:0x1111 1110 当LED_Cnt=1时等价于：0x1111 1101
 104   1          // 以此类推，依次有一位为0，为0的位对应的数码管点亮
 105   1          HC595_OE_Set(); // 关闭显示
 106   1      
 107   1          // 将待显示的字型码和点亮的数码管号送到端口
 108   1          HC595_SendWord(DispCode[DispBuf[LED_Cnt]], (~(0x01 << LED_Cnt)));
 109   1      
 110   1          HC595_OE_Clr(); // 打开显示
 111   1      
 112   1          LED_Cnt++;        // 计数器加1
 113   1          if (LED_Cnt == 8) // 扫描八位数码管
 114   1          {
 115   2              LED_Cnt = 0;
 116   2          }
C51 COMPILER V9.59.0.0   HC595                                                             04/18/2026 23:02:51 PAGE 3   

 117   1      }
 118          /***********************************************
 119          函数名称：HC595_Clear
 120          功    能：清除显示函数
 121          入口参数：无
 122          返 回 值：无
 123          备    注：无
 124          ************************************************/
 125          void HC595_Clear(void)
 126          {
 127   1          unsigned char i;
 128   1          // 清除显示缓冲区内容
 129   1          for (i = 0; i < 8; i++) {
 130   2              // 35为DispCode[35]中定义的数码管熄灭的字形码
 131   2              DispBuf[i] = 35;
 132   2          }
 133   1      
 134   1          // 数据0x00为字形码，0xff为数码管位码
 135   1          // 由原理图可知该开发板使用共阴极数码管
 136   1          // 共阴极数码管特点是字形码端高电平，位码端低电平，数码管才能点亮
 137   1          // 现在发送的字形码全为低电平，位码全为高电平，所以全部熄灭
 138   1          HC595_SendWord(0x00, 0xff);
 139   1      }
 140          /***********************************************
 141          函数名称：HC595_Init
 142          功    能：显示初始化函数
 143          入口参数：无
 144          返 回 值：无
 145          备    注：无
 146          ************************************************/
 147          void HC595_Init(void)
 148          {
 149   1          // 等待HC595上电稳定
 150   1          HC595_Delayms(10);
 151   1      
 152   1          // 初始化P41,P42,P45口为准双向口
 153   1          P4M1 &= ~((1 << 1) | (1 << 2) | (1 << 5));
 154   1          P4M0 &= ~((1 << 1) | (1 << 2) | (1 << 5));
 155   1      
 156   1          // 初始化P37口为准双向口
 157   1          P3M1 &= ~(1 << 7);
 158   1          P3M0 &= ~(1 << 7);
 159   1      
 160   1          // 分析
 161   1          //   1<<0等价于0x01 即 0000 0001
 162   1          //   1<<1等价于0x02 即 0000 0010
 163   1          //   1<<2等价于0x04 即 0000 0100
 164   1          //   1<<3等价于0x08 即 0000 1000
 165   1          //   以此类推1<<n 即第n位为1，其余位是0
 166   1      
 167   1          //  x |=(1<<n)  即对x执行按位取或
 168   1          //  即x中的第n位置为1，不改变其他位状态
 169   1      
 170   1          //  y &=~(1<<n)  即将1<<n按位取反，然后对y按位取与
 171   1          //  即y中的第n位置为0，不改变其他位状态
 172   1      
 173   1          // 将端口置低，赋予端口固定电平
 174   1          HC595_DAT_Clr();
 175   1          HC595_SCK_Clr();
 176   1          HC595_RCK_Clr();
 177   1          // 关闭显示
 178   1          HC595_OE_Set();
C51 COMPILER V9.59.0.0   HC595                                                             04/18/2026 23:02:51 PAGE 4   

 179   1          // 清除显示内容
 180   1          HC595_Clear();
 181   1          Timer2_Init();
 182   1      }
 183          /***********************************************
 184          函数名称：ToTimeDisplayBuf
 185          功    能：把时间数据放入显示缓冲区
 186          入口参数：pClock：指向保存时间对象的指针
 187          返 回 值：无
 188          备    注：无
 189          ************************************************/


MODULE INFORMATION:   STATIC OVERLAYABLE
   CODE SIZE        =    203    ----
   CONSTANT SIZE    =     36    ----
   XDATA SIZE       =   ----    ----
   PDATA SIZE       =   ----    ----
   DATA SIZE        =      1    ----
   IDATA SIZE       =   ----    ----
   BIT SIZE         =   ----    ----
END OF MODULE INFORMATION.


C51 COMPILATION COMPLETE.  0 WARNING(S),  0 ERROR(S)
